TABLES|82
ROWS_TOTAL|109166
T|audit_trails|56
T|backup_20260930_capex|2359
T|backup_20260930_injections|4
T|backup_20260930_journal_entry|3790
T|backup_20260930_journal_entry_line|11394
T|backup_20260930_purchases|1906
T|backup_20260930_staff_liability|58
T|backup_20260930_staff_liability_item|174
T|branches|1
T|business_configuration|1
T|business_settings|1
T|capital_expenditure|2479
T|capital_injections|5
T|cash_flow_period_config|0
T|categories|12
T|counting_line|12752
T|counting_schedule|0
T|counting_session|96
T|credit_payments|0
T|customer_audit_log|52
T|customer_credits|0
T|customers|164
T|daily_financial_snapshot|104
T|daily_reconciliation|121
T|debt_adjustment|4
T|flyway_schema_history|94
T|gl_account|54
T|gl_config|1
T|gl_period|0
T|item_measure|26
T|item_measure_audit_log|0
T|journal_entry|4868
T|journal_entry_line|13709
T|notifications|12122
T|order_setting|1
T|order_suggestion|2
T|order_suggestion_line|26
T|password_reset_tokens|0
T|payments|2397
T|permission_config|0
T|permissions|222
T|price_history|0
T|print_jobs|57
T|product_measures|105
T|product_order_setting|0
T|product_stock_settings|136
T|products|140
T|products_sales_prices|0
T|promotion_products|0
T|promotions|0
T|purchases|1992
T|reconciliation_audit_log|4052
T|reconciliation_cash_entries|591
T|reconciliation_debt_collections|240
T|reconciliation_debt_payments|420
T|reconciliation_expenses|344
T|reconciliation_mobile_entries|235
T|reconciliation_purchases|56
T|reconciliation_retail_debts|479
T|repurchase_invoice_items|921
T|repurchase_invoices|183
T|role_permissions|633
T|roles|7
T|safe_box_deposits|96
T|sale_promotions|0
T|sales|2394
T|sales_details|11373
T|sales_return_items|1
T|sales_returns|1
T|settings_approvals|0
T|staff_liability|62
T|staff_liability_deduction_log|0
T|staff_liability_item|184
T|staff_liability_payment|5
T|stock_adjustment|280
T|store|15055
T|supplier_payments|12
T|suppliers|22
T|user_branches|9
T|user_profile_images|0
T|user_roles|17
T|users|9
FLYWAY|94|94|126
SALES_LAST|2026-10-07 13:57:31|2170
SALES_2026_10_06|14|1372500.00
RECON_LAST|2026-10-06|121
COUNT_LAST|2026-10-07|96
ORDER_LAST|2026-10-07|2
PRODUCTS_ACTIVE|139
